// Jest Snapshot v1, https://goo.gl/fbAQLP

exports[`App should render correctly 1`] = `
<div
  className="App"
>
  <div
    className="main"
  >
    <div
      className="header"
    >
      <div
        className="logo"
      >
         
        <img
          alt="Logo"
          src="test-file-stub"
        />
      </div>
      <div
        className="nav"
      >
        <nav>
          <div
            className="navItems"
          >
            <a
              href="#"
            >
              World   
            </a>
            <a
              href="#"
            >
               Sports   
            </a>
            <a
              href="#"
            >
               Opinion
            </a>
            <a
              href="#"
            >
               Lifestyle
            </a>
            <a
              href="#"
            >
               Business
            </a>
            <a
              href="#"
            >
               Culture
            </a>
            <a
              href="#"
            >
               Fashion
            </a>
            <a
              href="#"
            >
               Tech
            </a>
          </div>
        </nav>
      </div>
      <div>
          
        <img
          alt="DP"
          className="Dp"
          src="test-file-stub"
        />
         
      </div>
    </div>
  </div>
  <div>
    <div
      className="Page"
    >
      <div
        className="homePage"
      >
        <div
          className="content"
        >
          <h1
            className="title"
          >
            Lifestyle.
            <br />
          </h1>
          <p
            className="subtitle"
          >
            The Latest and best lifestyle article selected by our editorial office.
          </p>
        </div>
      </div>
      <div
        className="row"
      >
        <div
          className="column"
        >
          <div
            class="cards"
            id="card1"
          />
        </div>
        <div
          className="column"
        >
          <div
            class="cards"
            id="card2"
          />
        </div>
        <div
          className="column"
        >
          <div
            class="cards"
            id="card3"
          />
        </div>
        <div
          className="column"
        >
          <div
            class="cards"
            id="card4"
          />
        </div>
        <div
          className="column"
        >
          <div
            class="cards"
            id="card5"
          />
        </div>
        <div
          className="column"
        >
          <div
            class="cards"
            id="card6"
          />
        </div>
      </div>
    </div>
  </div>
</div>
`;
